{ level 2 map ={ level 1 map ={ address class with user=Address(postalCode=PostCode(value=2), streetName=Elm Street, user=User(id=9, name=Sherlok)),
                                  address class without user=Address(postalCode=PostCode(value=2), streetName=Elm Street, user=null),
                                  user class=User(id=2, name=fran) } } }