{
  "class": "LinkedHashMap",
  "product": [
    {
      "class": "User",
      "id": 1,
      "name": "gabriel"
    }
  ],
  "sales": [
    {
      "class": "User",
      "id": 1,
      "name": "ramon"
    }
  ],
  "mobile": {
    "class": "Developer",
    "name": "miguel",
    "githubStars": 3
  }
}