{
  "class": "TreeMap",
  "mobile": [
    {
      "class": "Developer",
      "name": "gabriel",
      "githubStars": 3
    },
    {
      "class": "Developer",
      "name": "andres",
      "githubStars": 3
    },
    {
      "class": "Developer",
      "name": "miguel",
      "githubStars": 3
    }
  ],
  "product": [
    {
      "class": "User",
      "id": 1,
      "name": "gabriel"
    }
  ],
  "sales": [
    {
      "class": "User",
      "id": 1,
      "name": "ramon"
    }
  ]
}