{ address class with user=Address(postalCode=PostCode(value=2), streetName=Elm Street, user=User(id=9, name=Sherlok)),
  address class without user=Address(postalCode=PostCode(value=2), streetName=Elm Street, user=null),
  complex map={ address class with user=Address(postalCode=PostCode(value=2), streetName=Elm Street, user=User(id=9, name=Sherlok)),
                address class without user=Address(postalCode=PostCode(value=2), streetName=Elm Street, user=null),
                double=11111.0,
                float=1111.0,
                int=11,
                long=111,
                string=pedro,
                user class=User(id=2, name=fran) },
  double=11111.0,
  float=1111.0,
  int=11,
  long=111,
  string=pedro,
  user class=User(id=2, name=fran) }